<html>
<body>
<pre>
<h1>礦ision Build Log</h1>
<h2>Tool Versions:</h2>
IDE-Version: μVision V5.16a
Copyright (C) 2015 ARM Ltd and ARM Germany GmbH. All rights reserved.
License Information: w cc, lenovo, LIC=UJWQD-8S55D-TGA7T-R1S26-YQS6K-RH0BA
 
Tool Versions:
Toolchain:       MDK-ARM Standard  Version: 5.16a
Toolchain Path:  E:\Keil_v5\ARM\ARMCC\Bin
C Compiler:      Armcc.exe V5.06 (build 20)
Assembler:       Armasm.exe V5.06 (build 20)
Linker/Locator:  ArmLink.exe V5.06 (build 20)
Library Manager: ArmAr.exe V5.06 (build 20)
Hex Converter:   FromElf.exe V5.06 (build 20)
CPU DLL:         SARMCM3.DLL V5.16a
Dialog DLL:      DARMSTM.DLL V1.65.0.0
Target DLL:      Segger\JL2CM3.dll V2.99.15.2
Dialog DLL:      TARMSTM.DLL V1.64.0.0
 
<h2>Project:</h2>
E:\Git_Project\stm32_learning\04-通用定时器完全重映射输出PWM\USER\NiceDay.uvprojx
Project File Date:  12/27/2018

<h2>Output:</h2>
*** Using Compiler 'V5.06 (build 20)', folder: 'E:\Keil_v5\ARM\ARMCC\Bin'
Build target 'NiceDay'
compiling main.c...
linking...
Program Size: Code=8632 RO-data=336 RW-data=56 ZI-data=1832  
FromELF: creating hex file...
After Build - User command #1: fromelf --bin -o "..\OBJ\NiceDay.bin" "..\OBJ\NiceDay.axf"
"..\OBJ\NiceDay.axf" - 0 Error(s), 0 Warning(s).

<h2>Collection of Component include folders:</h2>
  E:\Git_Project\stm32_learning\04-通用定时器完全重映射输出PWM\USER\RTE
  E:\Keil_v5\ARM\PACK\Keil\STM32F1xx_DFP\2.1.0\Device\Include

<h2>Collection of Component Files used:</h2>
Build Time Elapsed:  00:00:01
</pre>
</body>
</html>
